test_acceleration_is_explicit_and_never_falls_back (test_boot_smoke.AccelerationTests.test_acceleration_is_explicit_and_never_falls_back) ... ok
test_archive_download_rejects_declared_streamed_and_slow_responses (test_bootstrap.BootstrapTests.test_archive_download_rejects_declared_streamed_and_slow_responses) ... ok
test_archive_retains_only_verified_bytes_and_checks_consumed_hash (test_bootstrap.BootstrapTests.test_archive_retains_only_verified_bytes_and_checks_consumed_hash) ... ok
test_package_archive_contains_generation_gate_and_recovery_guide (test_bootstrap.BootstrapTests.test_package_archive_contains_generation_gate_and_recovery_guide) ... ok
test_pacman_resolves_both_roots_from_verified_local_metadata (test_bootstrap.BootstrapTests.test_pacman_resolves_both_roots_from_verified_local_metadata) ... skipped 'requires Linux pacman as root for isolated database sync'
test_profile_generation_and_fingerprint_rejection (test_bootstrap.BootstrapTests.test_profile_generation_and_fingerprint_rejection) ... ok
test_source_archive_is_deterministic_and_refuses_reuse (test_bootstrap.BootstrapTests.test_source_archive_is_deterministic_and_refuses_reuse) ... ok
test_templates_and_live_contract (test_bootstrap.BootstrapTests.test_templates_and_live_contract) ... ok
test_interruption_cannot_be_recorded_as_success (test_builder_signals.BuilderSignalTests.test_interruption_cannot_be_recorded_as_success) ... ok
test_conventional_subject_and_limits (test_commit_subject.CommitSubjectTests.test_conventional_subject_and_limits) ... ok
test_generated_profile_and_account_boundary (test_installer.InstallerTests.test_generated_profile_and_account_boundary) ... ok
test_installed_boot_detaches_iso_and_preserves_disk_and_firmware (test_installer.InstallerTests.test_installed_boot_detaches_iso_and_preserves_disk_and_firmware) ... ok
test_installer_storage_check_cannot_be_silently_disabled (test_installer.InstallerTests.test_installer_storage_check_cannot_be_silently_disabled) ... ok
test_kernel_parameters_and_uki_inputs (test_installer.InstallerTests.test_kernel_parameters_and_uki_inputs) ... ok
test_malformed_configuration_rejected (test_installer.InstallerTests.test_malformed_configuration_rejected) ... ok
test_payload_does_not_clone_live_accounts_or_boot_workarounds (test_installer.InstallerTests.test_payload_does_not_clone_live_accounts_or_boot_workarounds) ... ok
test_secure_boot_guard_aborts_before_installer_writes (test_installer.InstallerTests.test_secure_boot_guard_aborts_before_installer_writes) ... ok
test_acceptance_requires_an_exact_complete_line (test_phase2_validation.ValidationTests.test_acceptance_requires_an_exact_complete_line) ... ok
test_broken_boot_allows_only_timeout_or_evidenced_clean_firmware_reset (test_phase2_validation.ValidationTests.test_broken_boot_allows_only_timeout_or_evidenced_clean_firmware_reset) ... ok
test_clone_uses_backing_disk_and_copies_vars (test_phase2_validation.ValidationTests.test_clone_uses_backing_disk_and_copies_vars) ... ok
test_complete_success_and_rollback_scenarios_reject_lost_home_data (test_phase2_validation.ValidationTests.test_complete_success_and_rollback_scenarios_reject_lost_home_data) ... Verified both database hashes and 1 upstream package names.
Prepared /tmp/tmp3iup2u_j/package. Run makepkg as a non-root user in the pinned Arch builder.
Recovery ISO: start phase2-guest.py serve as root; unlock LUKS as root if needed.
Recovery ISO: start phase2-guest.py serve as root; unlock LUKS as root if needed.
ok
test_confirmation_waits_for_service_and_preserves_job_failure (test_phase2_validation.ValidationTests.test_confirmation_waits_for_service_and_preserves_job_failure) ... ok
test_corrupt_or_unaccepted_baseline_refused_before_cloning (test_phase2_validation.ValidationTests.test_corrupt_or_unaccepted_baseline_refused_before_cloning) ... ok
test_failed_probe_cannot_be_used_as_evidence (test_phase2_validation.ValidationTests.test_failed_probe_cannot_be_used_as_evidence) ... ok
test_guest_exit_timeout_output_limit_and_pipeline_failure (test_phase2_validation.ValidationTests.test_guest_exit_timeout_output_limit_and_pipeline_failure) ... ok
test_interruption_requires_package_mutation_before_power_cut (test_phase2_validation.ValidationTests.test_interruption_requires_package_mutation_before_power_cut) ... ok
test_launch_is_foreground_disk_only_and_readonly_share (test_phase2_validation.ValidationTests.test_launch_is_foreground_disk_only_and_readonly_share) ... QMP: /tmp/tmpc4uq7h_k/boot-1/qmp.sock
ok
test_observation_keeps_other_artifacts_when_one_command_fails (test_phase2_validation.ValidationTests.test_observation_keeps_other_artifacts_when_one_command_fails) ... ok
test_package_mismatch_and_outcome_disagreement_fail (test_phase2_validation.ValidationTests.test_package_mismatch_and_outcome_disagreement_fail) ... ok
test_qmp_events_and_deadline (test_phase2_validation.ValidationTests.test_qmp_events_and_deadline) ... ok
test_qmp_handshake_and_command_through_real_socket (test_phase2_validation.ValidationTests.test_qmp_handshake_and_command_through_real_socket) ... ok
test_ready_guest_shutdown_avoids_desktop_power_dialog (test_phase2_validation.ValidationTests.test_ready_guest_shutdown_avoids_desktop_power_dialog) ... ok
test_ready_timeout_never_passes (test_phase2_validation.ValidationTests.test_ready_timeout_never_passes) ... ok
test_real_guest_channel_correlates_reply_and_preserves_failure_output (test_phase2_validation.ValidationTests.test_real_guest_channel_correlates_reply_and_preserves_failure_output) ... ok
test_real_qcow2_overlay_and_baseline_hash (test_phase2_validation.ValidationTests.test_real_qcow2_overlay_and_baseline_hash) ... skipped 'optional real qcow2 test needs qemu-img'
test_reboot_requires_new_boot_identity (test_phase2_validation.ValidationTests.test_reboot_requires_new_boot_identity) ... ok
test_shutdown_timeout_and_cleanup_target_only_owned_process (test_phase2_validation.ValidationTests.test_shutdown_timeout_and_cleanup_target_only_owned_process) ... ok
test_snapshot_and_transaction_gates_reject_false_success (test_phase2_validation.ValidationTests.test_snapshot_and_transaction_gates_reject_false_success) ... ok
test_space_fault_uses_runtime_mount_and_restores_original_cache (test_phase2_validation.ValidationTests.test_space_fault_uses_runtime_mount_and_restores_original_cache) ... ok
test_terminal_transaction_requires_actual_uki_and_boot_evidence (test_phase2_validation.ValidationTests.test_terminal_transaction_requires_actual_uki_and_boot_evidence) ... ok
test_timeout_kills_the_child_group_before_delayed_side_effect (test_phase2_validation.ValidationTests.test_timeout_kills_the_child_group_before_delayed_side_effect) ... ok
test_changed_baseline_or_firmware_is_refused (test_phase3_validation.Phase3Tests.test_changed_baseline_or_firmware_is_refused) ... ok
test_disabled_enforcement_wrong_keys_and_replayed_markers_fail (test_phase3_validation.Phase3Tests.test_disabled_enforcement_wrong_keys_and_replayed_markers_fail) ... ok
test_faults_are_guarded_and_record_exact_artifact_changes (test_phase3_validation.Phase3Tests.test_faults_are_guarded_and_record_exact_artifact_changes) ... ok
test_guard_refusal_prevents_artifact_access (test_phase3_validation.Phase3Tests.test_guard_refusal_prevents_artifact_access) ... ok
test_host_command_records_actual_failure_and_timeout (test_phase3_validation.Phase3Tests.test_host_command_records_actual_failure_and_timeout) ... ok
test_launch_reuses_harness_and_enforces_smm_and_flash (test_phase3_validation.Phase3Tests.test_launch_reuses_harness_and_enforces_smm_and_flash) ... QMP: /tmp/tmpezmvd7ph/boot-1/qmp.sock
ok
test_load_only_probe_cannot_claim_payload_execution (test_phase3_validation.Phase3Tests.test_load_only_probe_cannot_claim_payload_execution) ... ok
test_power_cut_requires_matching_blocked_product_barrier_and_records_exit (test_phase3_validation.Phase3Tests.test_power_cut_requires_matching_blocked_product_barrier_and_records_exit) ... ok
test_real_refusal_predicate_requires_status_and_authentication_record (test_phase3_validation.Phase3Tests.test_real_refusal_predicate_requires_status_and_authentication_record) ... ok
test_signature_list_rejects_extra_trust_and_malformed_lengths (test_phase3_validation.Phase3Tests.test_signature_list_rejects_extra_trust_and_malformed_lengths) ... ok
test_tampering_changes_section_bytes_and_retains_pe_structure (test_phase3_validation.Phase3Tests.test_tampering_changes_section_bytes_and_retains_pe_structure) ... ok
test_no_root_desktop (test_phase4_validation.GuestTests.test_no_root_desktop) ... ok
test_real_command_timeout_exit_and_output_limit (test_phase4_validation.GuestTests.test_real_command_timeout_exit_and_output_limit) ... ok
test_runtime_needs_marker_exit_architecture_and_no_timeout (test_phase4_validation.GuestTests.test_runtime_needs_marker_exit_architecture_and_no_timeout) ... ok
test_software_device_never_qualifies_physical_gpu (test_phase4_validation.GuestTests.test_software_device_never_qualifies_physical_gpu) ... ok
test_failures_and_partial_results_remain_visible (test_phase4_validation.MatrixTests.test_failures_and_partial_results_remain_visible) ... ok
test_hooks_require_exact_exit_and_diagnostic (test_phase4_validation.MatrixTests.test_hooks_require_exact_exit_and_diagnostic) ... ok
test_matrix_cli_exclusive_output (test_phase4_validation.MatrixTests.test_matrix_cli_exclusive_output) ... ok
test_matrix_never_passes_unexecuted_scenarios (test_phase4_validation.MatrixTests.test_matrix_never_passes_unexecuted_scenarios) ... ok
test_packages_and_enumeration_do_not_pass_execution (test_phase4_validation.MatrixTests.test_packages_and_enumeration_do_not_pass_execution) ... ok
test_events_cannot_be_mistaken_for_command_success (test_qmp.QmpTests.test_events_cannot_be_mistaken_for_command_success) ... ok
test_stdin_text_is_validated_without_echoing_the_input (test_qmp.QmpTests.test_stdin_text_is_validated_without_echoing_the_input) ... ok
test_text_is_validated_before_sending_any_keys (test_qmp.QmpTests.test_text_is_validated_before_sending_any_keys) ... ok
test_cache_and_build_time_do_not_change_image_bytes (test_reproducibility.ImageDeterminismTests.test_cache_and_build_time_do_not_change_image_bytes) ... ok
test_coordinator_recognizes_locks_on_a_real_btrfs_subvolume (test_secure_boot.NativeSigningTests.test_coordinator_recognizes_locks_on_a_real_btrfs_subvolume) ... skipped 'requires Linux root, sbsigntools, efitools, ukify and systemd EFI images'
test_coordinator_requires_both_parent_locks_and_generation_verification (test_secure_boot.NativeSigningTests.test_coordinator_requires_both_parent_locks_and_generation_verification) ... skipped 'requires Linux root, sbsigntools, efitools, ukify and systemd EFI images'
test_expired_certificate_is_rejected_by_openssl (test_secure_boot.NativeSigningTests.test_expired_certificate_is_rejected_by_openssl) ... skipped 'requires Linux root, sbsigntools, efitools, ukify and systemd EFI images'
test_invalid_signer_output_never_becomes_ready (test_secure_boot.NativeSigningTests.test_invalid_signer_output_never_becomes_ready) ... skipped 'requires Linux root, sbsigntools, efitools, ukify and systemd EFI images'
test_missing_artifact_and_receipt_tampering_cannot_be_consumed (test_secure_boot.NativeSigningTests.test_missing_artifact_and_receipt_tampering_cannot_be_consumed) ... skipped 'requires Linux root, sbsigntools, efitools, ukify and systemd EFI images'
test_native_dbx_hash_revocation_is_checked_without_changing_firmware (test_secure_boot.NativeSigningTests.test_native_dbx_hash_revocation_is_checked_without_changing_firmware) ... skipped 'requires Linux root, sbsigntools, efitools, ukify and systemd EFI images'
test_native_generation_provider_verifies_rebind_and_rejects_unknown_trust (test_secure_boot.NativeSigningTests.test_native_generation_provider_verifies_rebind_and_rejects_unknown_trust) ... skipped 'requires Linux root, sbsigntools, efitools, ukify and systemd EFI images'
test_nonzero_signing_hook_failure_is_retained (test_secure_boot.NativeSigningTests.test_nonzero_signing_hook_failure_is_retained) ... skipped 'requires Linux root, sbsigntools, efitools, ukify and systemd EFI images'
test_offline_provider_uses_public_installed_policy_without_private_key (test_secure_boot.NativeSigningTests.test_offline_provider_uses_public_installed_policy_without_private_key) ... skipped 'requires Linux root, sbsigntools, efitools, ukify and systemd EFI images'
test_policy_and_keys_cannot_be_controlled_by_an_unprivileged_user (test_secure_boot.NativeSigningTests.test_policy_and_keys_cannot_be_controlled_by_an_unprivileged_user) ... skipped 'requires Linux root, sbsigntools, efitools, ukify and systemd EFI images'
test_post_hook_failure_is_nonzero_with_no_unsigned_fallback (test_secure_boot.NativeSigningTests.test_post_hook_failure_is_nonzero_with_no_unsigned_fallback) ... skipped 'requires Linux root, sbsigntools, efitools, ukify and systemd EFI images'
test_rebind_failure_retains_journal_and_cannot_publish (test_secure_boot.NativeSigningTests.test_rebind_failure_retains_journal_and_cannot_publish) ... skipped 'requires Linux root, sbsigntools, efitools, ukify and systemd EFI images'
test_receipt_write_failure_leaves_no_eligible_candidate (test_secure_boot.NativeSigningTests.test_receipt_write_failure_leaves_no_eligible_candidate) ... skipped 'requires Linux root, sbsigntools, efitools, ukify and systemd EFI images'
test_sign_uki_and_bootloader_and_reverify_candidates (test_secure_boot.NativeSigningTests.test_sign_uki_and_bootloader_and_reverify_candidates) ... skipped 'requires Linux root, sbsigntools, efitools, ukify and systemd EFI images'
test_signed_candidate_publication_and_interrupted_copy_preserve_prior (test_secure_boot.NativeSigningTests.test_signed_candidate_publication_and_interrupted_copy_preserve_prior) ... skipped 'requires Linux root, sbsigntools, efitools, ukify and systemd EFI images'
test_signed_candidate_publication_consumes_receipt_and_keeps_known_good (test_secure_boot.NativeSigningTests.test_signed_candidate_publication_consumes_receipt_and_keeps_known_good) ... skipped 'requires Linux root, sbsigntools, efitools, ukify and systemd EFI images'
test_signed_loader_ready_binds_packaged_bytes_and_running_esp (test_secure_boot.NativeSigningTests.test_signed_loader_ready_binds_packaged_bytes_and_running_esp) ... skipped 'requires Linux root, sbsigntools, efitools, ukify and systemd EFI images'
test_signer_failure_and_interruption_keep_input_and_prior_artifacts (test_secure_boot.NativeSigningTests.test_signer_failure_and_interruption_keep_input_and_prior_artifacts) ... skipped 'requires Linux root, sbsigntools, efitools, ukify and systemd EFI images'
test_structurally_wrong_images_and_bootloader_wrong_key (test_secure_boot.NativeSigningTests.test_structurally_wrong_images_and_bootloader_wrong_key) ... skipped 'requires Linux root, sbsigntools, efitools, ukify and systemd EFI images'
test_symlink_hardlink_unsafe_permissions_and_concurrent_signer_refused (test_secure_boot.NativeSigningTests.test_symlink_hardlink_unsafe_permissions_and_concurrent_signer_refused) ... skipped 'requires Linux root, sbsigntools, efitools, ukify and systemd EFI images'
test_test_keys_are_distinct_private_and_never_enrolled (test_secure_boot.NativeSigningTests.test_test_keys_are_distinct_private_and_never_enrolled) ... skipped 'requires Linux root, sbsigntools, efitools, ukify and systemd EFI images'
test_unsigned_wrong_signer_and_tampered_images_are_rejected (test_secure_boot.NativeSigningTests.test_unsigned_wrong_signer_and_tampered_images_are_rejected) ... skipped 'requires Linux root, sbsigntools, efitools, ukify and systemd EFI images'
test_wrong_architecture_or_non_efi_subsystem_cannot_be_signed (test_secure_boot.NativeSigningTests.test_wrong_architecture_or_non_efi_subsystem_cannot_be_signed) ... skipped 'requires Linux root, sbsigntools, efitools, ukify and systemd EFI images'
test_wrong_pin_revocation_missing_key_and_wrong_private_key (test_secure_boot.NativeSigningTests.test_wrong_pin_revocation_missing_key_and_wrong_private_key) ... skipped 'requires Linux root, sbsigntools, efitools, ukify and systemd EFI images'
test_error_diagnostics_never_echo_tool_output_or_key_contents (test_secure_boot.PolicyTests.test_error_diagnostics_never_echo_tool_output_or_key_contents) ... ok
test_firmware_framing_rejects_truncation_and_tracks_unknown_types (test_secure_boot.PolicyTests.test_firmware_framing_rejects_truncation_and_tracks_unknown_types) ... ok
test_legacy_preset_uses_guarded_output_and_secure_preset_cannot_activate (test_secure_boot.PolicyTests.test_legacy_preset_uses_guarded_output_and_secure_preset_cannot_activate) ... ok
test_package_source_excludes_adjacent_private_keys_and_is_deterministic (test_secure_boot.PolicyTests.test_package_source_excludes_adjacent_private_keys_and_is_deterministic) ... ok
test_policy_rejects_ambiguity_and_unsafe_key_selection (test_secure_boot.PolicyTests.test_policy_rejects_ambiguity_and_unsafe_key_selection) ... ok
test_post_hook_rejects_active_esp_input (test_secure_boot.PolicyTests.test_post_hook_rejects_active_esp_input) ... ok
test_preset_output_never_falls_back_when_signing_is_required (test_secure_boot.PolicyTests.test_preset_output_never_falls_back_when_signing_is_required) ... ok
test_removed_revoked_and_unknown_firmware_trust_cannot_pass (test_secure_boot.PolicyTests.test_removed_revoked_and_unknown_firmware_trust_cannot_pass) ... ok
test_signing_expectation_survives_deleted_policy_and_unknown_firmware (test_secure_boot.PolicyTests.test_signing_expectation_survives_deleted_policy_and_unknown_firmware) ... ok
test_status_is_read_only_when_policy_is_absent (test_secure_boot.PolicyTests.test_status_is_read_only_when_policy_is_absent) ... ok
test_unconfigured_legacy_post_hook_is_a_noop (test_secure_boot.PolicyTests.test_unconfigured_legacy_post_hook_is_a_noop) ... ok
test_unknown_firmware_is_not_disabled_or_enforced (test_secure_boot.PolicyTests.test_unknown_firmware_is_not_disabled_or_enforced) ... ok
test_update_hook_requires_coordinator_before_signing_readiness (test_secure_boot.PolicyTests.test_update_hook_requires_coordinator_before_signing_readiness) ... ok
test_print_resolution_and_expanded_trust_policy_are_read_only (test_transactions_pacman.PacmanContractTests.test_print_resolution_and_expanded_trust_policy_are_read_only) ... ok

----------------------------------------------------------------------
Ran 103 tests in 4.769s

OK (skipped=26)
