test_acceleration_is_explicit_and_never_falls_back (test_boot_smoke.AccelerationTests.test_acceleration_is_explicit_and_never_falls_back) ... ok
test_profile_generation_and_fingerprint_rejection (test_bootstrap.BootstrapTests.test_profile_generation_and_fingerprint_rejection) ... skipped 'profile staging needs Linux symlinks'
test_source_archive_is_deterministic_and_refuses_reuse (test_bootstrap.BootstrapTests.test_source_archive_is_deterministic_and_refuses_reuse) ... ok
test_templates_and_live_contract (test_bootstrap.BootstrapTests.test_templates_and_live_contract) ... ok
test_interruption_cannot_be_recorded_as_success (test_builder_signals.BuilderSignalTests.test_interruption_cannot_be_recorded_as_success) ... skipped 'requires Bash signal handling'
test_conventional_subject_and_limits (test_commit_subject.CommitSubjectTests.test_conventional_subject_and_limits) ... ok
test_generated_profile_and_account_boundary (test_installer.InstallerTests.test_generated_profile_and_account_boundary) ... ok
test_installed_boot_detaches_iso_and_preserves_disk_and_firmware (test_installer.InstallerTests.test_installed_boot_detaches_iso_and_preserves_disk_and_firmware) ... ok
test_installer_storage_check_cannot_be_silently_disabled (test_installer.InstallerTests.test_installer_storage_check_cannot_be_silently_disabled) ... ok
test_kernel_parameters_and_uki_inputs (test_installer.InstallerTests.test_kernel_parameters_and_uki_inputs) ... ok
test_malformed_configuration_rejected (test_installer.InstallerTests.test_malformed_configuration_rejected) ... ok
test_payload_does_not_clone_live_accounts_or_boot_workarounds (test_installer.InstallerTests.test_payload_does_not_clone_live_accounts_or_boot_workarounds) ... skipped 'payload staging needs Unix symlinks'
test_acceptance_requires_an_exact_complete_line (test_phase2_validation.ValidationTests.test_acceptance_requires_an_exact_complete_line) ... ok
test_broken_boot_allows_only_timeout_or_evidenced_clean_firmware_reset (test_phase2_validation.ValidationTests.test_broken_boot_allows_only_timeout_or_evidenced_clean_firmware_reset) ... ok
test_clone_uses_backing_disk_and_copies_vars (test_phase2_validation.ValidationTests.test_clone_uses_backing_disk_and_copies_vars) ... ok
Recovery ISO: start phase2-guest.py serve as root; unlock LUKS as root if needed.
Recovery ISO: start phase2-guest.py serve as root; unlock LUKS as root if needed.
test_complete_success_and_rollback_scenarios_reject_lost_home_data (test_phase2_validation.ValidationTests.test_complete_success_and_rollback_scenarios_reject_lost_home_data) ... ok
test_confirmation_waits_for_service_and_preserves_job_failure (test_phase2_validation.ValidationTests.test_confirmation_waits_for_service_and_preserves_job_failure) ... ok
test_corrupt_or_unaccepted_baseline_refused_before_cloning (test_phase2_validation.ValidationTests.test_corrupt_or_unaccepted_baseline_refused_before_cloning) ... ok
test_failed_probe_cannot_be_used_as_evidence (test_phase2_validation.ValidationTests.test_failed_probe_cannot_be_used_as_evidence) ... ok
test_guest_exit_timeout_output_limit_and_pipeline_failure (test_phase2_validation.ValidationTests.test_guest_exit_timeout_output_limit_and_pipeline_failure) ... skipped 'guest execution requires Linux process groups and Bash'
test_interruption_requires_package_mutation_before_power_cut (test_phase2_validation.ValidationTests.test_interruption_requires_package_mutation_before_power_cut) ... ok
QMP: C:\Users\Noel\AppData\Local\Temp\tmpz3kkr5p7\boot-1\qmp.sock
test_launch_is_foreground_disk_only_and_readonly_share (test_phase2_validation.ValidationTests.test_launch_is_foreground_disk_only_and_readonly_share) ... ok
test_observation_keeps_other_artifacts_when_one_command_fails (test_phase2_validation.ValidationTests.test_observation_keeps_other_artifacts_when_one_command_fails) ... ok
test_package_mismatch_and_outcome_disagreement_fail (test_phase2_validation.ValidationTests.test_package_mismatch_and_outcome_disagreement_fail) ... ok
test_qmp_events_and_deadline (test_phase2_validation.ValidationTests.test_qmp_events_and_deadline) ... ok
test_qmp_handshake_and_command_through_real_socket (test_phase2_validation.ValidationTests.test_qmp_handshake_and_command_through_real_socket) ... skipped 'Unix socket integration runs on Linux'
test_ready_guest_shutdown_avoids_desktop_power_dialog (test_phase2_validation.ValidationTests.test_ready_guest_shutdown_avoids_desktop_power_dialog) ... ok
test_ready_timeout_never_passes (test_phase2_validation.ValidationTests.test_ready_timeout_never_passes) ... ok
test_real_guest_channel_correlates_reply_and_preserves_failure_output (test_phase2_validation.ValidationTests.test_real_guest_channel_correlates_reply_and_preserves_failure_output) ... skipped 'Unix socket integration runs on Linux'
test_real_qcow2_overlay_and_baseline_hash (test_phase2_validation.ValidationTests.test_real_qcow2_overlay_and_baseline_hash) ... skipped 'optional real qcow2 test needs qemu-img'
test_reboot_requires_new_boot_identity (test_phase2_validation.ValidationTests.test_reboot_requires_new_boot_identity) ... ok
test_shutdown_timeout_and_cleanup_target_only_owned_process (test_phase2_validation.ValidationTests.test_shutdown_timeout_and_cleanup_target_only_owned_process) ... ok
test_snapshot_and_transaction_gates_reject_false_success (test_phase2_validation.ValidationTests.test_snapshot_and_transaction_gates_reject_false_success) ... ok
test_terminal_transaction_requires_actual_uki_and_boot_evidence (test_phase2_validation.ValidationTests.test_terminal_transaction_requires_actual_uki_and_boot_evidence) ... ok
test_timeout_kills_the_child_group_before_delayed_side_effect (test_phase2_validation.ValidationTests.test_timeout_kills_the_child_group_before_delayed_side_effect) ... skipped 'guest process cleanup uses Linux process groups'
test_events_cannot_be_mistaken_for_command_success (test_qmp.QmpTests.test_events_cannot_be_mistaken_for_command_success) ... ok
test_stdin_text_is_validated_without_echoing_the_input (test_qmp.QmpTests.test_stdin_text_is_validated_without_echoing_the_input) ... ok
test_text_is_validated_before_sending_any_keys (test_qmp.QmpTests.test_text_is_validated_before_sending_any_keys) ... ok
test_cache_and_build_time_do_not_change_image_bytes (test_reproducibility.ImageDeterminismTests.test_cache_and_build_time_do_not_change_image_bytes) ... skipped 'requires Linux image tools'
test_print_resolution_and_expanded_trust_policy_are_read_only (test_transactions_pacman.PacmanContractTests.test_print_resolution_and_expanded_trust_policy_are_read_only) ... skipped 'requires real pacman and pacman-conf'

----------------------------------------------------------------------
Ran 40 tests in 0.410s

OK (skipped=10)
