test_coordinator_recognizes_locks_on_a_real_btrfs_subvolume (test_secure_boot.NativeSigningTests.test_coordinator_recognizes_locks_on_a_real_btrfs_subvolume) ... Create subvolume '/root/astraeus-signature-tests-5zv1bkhw/tmp2hc1ppk5/mount/snapshots'
ok
test_coordinator_requires_both_parent_locks_and_generation_verification (test_secure_boot.NativeSigningTests.test_coordinator_requires_both_parent_locks_and_generation_verification) ... ok
test_expired_certificate_is_rejected_by_openssl (test_secure_boot.NativeSigningTests.test_expired_certificate_is_rejected_by_openssl) ... ok
test_invalid_signer_output_never_becomes_ready (test_secure_boot.NativeSigningTests.test_invalid_signer_output_never_becomes_ready) ... ok
test_missing_artifact_and_receipt_tampering_cannot_be_consumed (test_secure_boot.NativeSigningTests.test_missing_artifact_and_receipt_tampering_cannot_be_consumed) ... ok
test_native_dbx_hash_revocation_is_checked_without_changing_firmware (test_secure_boot.NativeSigningTests.test_native_dbx_hash_revocation_is_checked_without_changing_firmware) ... ok
test_native_generation_provider_verifies_rebind_and_rejects_unknown_trust (test_secure_boot.NativeSigningTests.test_native_generation_provider_verifies_rebind_and_rejects_unknown_trust) ... ok
test_nonzero_signing_hook_failure_is_retained (test_secure_boot.NativeSigningTests.test_nonzero_signing_hook_failure_is_retained) ... ok
test_offline_provider_uses_public_installed_policy_without_private_key (test_secure_boot.NativeSigningTests.test_offline_provider_uses_public_installed_policy_without_private_key) ... ok
test_policy_and_keys_cannot_be_controlled_by_an_unprivileged_user (test_secure_boot.NativeSigningTests.test_policy_and_keys_cannot_be_controlled_by_an_unprivileged_user) ... ok
test_post_hook_failure_is_nonzero_with_no_unsigned_fallback (test_secure_boot.NativeSigningTests.test_post_hook_failure_is_nonzero_with_no_unsigned_fallback) ... ok
test_rebind_failure_retains_journal_and_cannot_publish (test_secure_boot.NativeSigningTests.test_rebind_failure_retains_journal_and_cannot_publish) ... ok
test_receipt_write_failure_leaves_no_eligible_candidate (test_secure_boot.NativeSigningTests.test_receipt_write_failure_leaves_no_eligible_candidate) ... ok
test_sign_uki_and_bootloader_and_reverify_candidates (test_secure_boot.NativeSigningTests.test_sign_uki_and_bootloader_and_reverify_candidates) ... ok
test_signed_candidate_publication_and_interrupted_copy_preserve_prior (test_secure_boot.NativeSigningTests.test_signed_candidate_publication_and_interrupted_copy_preserve_prior) ... ok
test_signed_candidate_publication_consumes_receipt_and_keeps_known_good (test_secure_boot.NativeSigningTests.test_signed_candidate_publication_consumes_receipt_and_keeps_known_good) ... ok
test_signed_loader_ready_binds_packaged_bytes_and_running_esp (test_secure_boot.NativeSigningTests.test_signed_loader_ready_binds_packaged_bytes_and_running_esp) ... ok
test_signer_failure_and_interruption_keep_input_and_prior_artifacts (test_secure_boot.NativeSigningTests.test_signer_failure_and_interruption_keep_input_and_prior_artifacts) ... ok
test_structurally_wrong_images_and_bootloader_wrong_key (test_secure_boot.NativeSigningTests.test_structurally_wrong_images_and_bootloader_wrong_key) ... ok
test_symlink_hardlink_unsafe_permissions_and_concurrent_signer_refused (test_secure_boot.NativeSigningTests.test_symlink_hardlink_unsafe_permissions_and_concurrent_signer_refused) ... ok
test_test_keys_are_distinct_private_and_never_enrolled (test_secure_boot.NativeSigningTests.test_test_keys_are_distinct_private_and_never_enrolled) ... ok
test_unsigned_wrong_signer_and_tampered_images_are_rejected (test_secure_boot.NativeSigningTests.test_unsigned_wrong_signer_and_tampered_images_are_rejected) ... ok
test_wrong_architecture_or_non_efi_subsystem_cannot_be_signed (test_secure_boot.NativeSigningTests.test_wrong_architecture_or_non_efi_subsystem_cannot_be_signed) ... ok
test_wrong_pin_revocation_missing_key_and_wrong_private_key (test_secure_boot.NativeSigningTests.test_wrong_pin_revocation_missing_key_and_wrong_private_key) ... ok
test_error_diagnostics_never_echo_tool_output_or_key_contents (test_secure_boot.PolicyTests.test_error_diagnostics_never_echo_tool_output_or_key_contents) ... ok
test_firmware_framing_rejects_truncation_and_tracks_unknown_types (test_secure_boot.PolicyTests.test_firmware_framing_rejects_truncation_and_tracks_unknown_types) ... ok
test_legacy_preset_uses_guarded_output_and_secure_preset_cannot_activate (test_secure_boot.PolicyTests.test_legacy_preset_uses_guarded_output_and_secure_preset_cannot_activate) ... ok
test_package_source_excludes_adjacent_private_keys_and_is_deterministic (test_secure_boot.PolicyTests.test_package_source_excludes_adjacent_private_keys_and_is_deterministic) ... ok
test_policy_rejects_ambiguity_and_unsafe_key_selection (test_secure_boot.PolicyTests.test_policy_rejects_ambiguity_and_unsafe_key_selection) ... ok
test_post_hook_rejects_active_esp_input (test_secure_boot.PolicyTests.test_post_hook_rejects_active_esp_input) ... ok
test_preset_output_never_falls_back_when_signing_is_required (test_secure_boot.PolicyTests.test_preset_output_never_falls_back_when_signing_is_required) ... ok
test_removed_revoked_and_unknown_firmware_trust_cannot_pass (test_secure_boot.PolicyTests.test_removed_revoked_and_unknown_firmware_trust_cannot_pass) ... ok
test_signing_expectation_survives_deleted_policy_and_unknown_firmware (test_secure_boot.PolicyTests.test_signing_expectation_survives_deleted_policy_and_unknown_firmware) ... ok
test_status_is_read_only_when_policy_is_absent (test_secure_boot.PolicyTests.test_status_is_read_only_when_policy_is_absent) ... ok
test_unconfigured_legacy_post_hook_is_a_noop (test_secure_boot.PolicyTests.test_unconfigured_legacy_post_hook_is_a_noop) ... ok
test_unknown_firmware_is_not_disabled_or_enforced (test_secure_boot.PolicyTests.test_unknown_firmware_is_not_disabled_or_enforced) ... ok
test_update_hook_requires_coordinator_before_signing_readiness (test_secure_boot.PolicyTests.test_update_hook_requires_coordinator_before_signing_readiness) ... ok

----------------------------------------------------------------------
Ran 37 tests in 8.243s

OK
/root/astraeus-signature-tests-5zv1bkhw/tmpv2s9m6ps/uki.ready
